
madhu@LAPTOP-CLB5JU1R MINGW64 ~
$ cd "D:\gitfirst"

madhu@LAPTOP-CLB5JU1R MINGW64 /d/gitfirst
$ ls
'gitfirst - Shortcut.lnk'*


madhu@LAPTOP-CLB5JU1R MINGW64 /d/gitfirst
$ git init
Initialized empty Git repository in D:/gitfirst/.git/

madhu@LAPTOP-CLB5JU1R MINGW64 /d/gitfirst (master)
$ git add .

madhu@LAPTOP-CLB5JU1R MINGW64 /d/gitfirst (master)
$ git commit "my first commit"
error: pathspec 'my first commit' did not match any file(s) known to git

madhu@LAPTOP-CLB5JU1R MINGW64 /d/gitfirst (master)
$ git commit -m "my first commit"
Author identity unknown

*** Please tell me who you are.

Run

  git config --global user.email "you@example.com"
  git config --global user.name "Your Name"

madhu@LAPTOP-CLB5JU1R MINGW64 /d/gitfirst (master)
$ git config --global user.email "madhusudhan.madireddy@gmail.com"

madhu@LAPTOP-CLB5JU1R MINGW64 /d/gitfirst (master)
$ git config --global user.name "madhugithub1"

madhu@LAPTOP-CLB5JU1R MINGW64 /d/gitfirst (master)
$ git config --list
diff.astextplain.textconv=astextplain
filter.lfs.clean=git-lfs clean -- %f
filter.lfs.smudge=git-lfs smudge -- %f
filter.lfs.process=git-lfs filter-process
filter.lfs.required=true
http.sslbackend=openssl
http.sslcainfo=C:/Program Files/Git/mingw64/ssl/certs/ca-bundle.crt
core.autocrlf=true
core.fscache=true
core.symlinks=false
pull.rebase=false
credential.helper=manager-core
credential.https://dev.azure.com.usehttppath=true
init.defaultbranch=master
user.email=madhusudhan.madireddy@gmail.com
user.name=madhugithub1
core.repositoryformatversion=0
core.filemode=false
core.bare=false
core.logallrefupdates=true
core.symlinks=false
core.ignorecase=true

madhu@LAPTOP-CLB5JU1R MINGW64 /d/gitfirst (master)
$ git add *

madhu@LAPTOP-CLB5JU1R MINGW64 /d/gitfirst (master)
$ git commit
hint: Waiting for your editor to close the file...

Aborting commit due to empty commit message.

madhu@LAPTOP-CLB5JU1R MINGW64 /d/gitfirst (master)
$ git commit -m "my first commiy"
[master (root-commit) 8e8aa34] my first commiy
 1 file changed, 0 insertions(+), 0 deletions(-)
 create mode 100644 readmefile.txt

madhu@LAPTOP-CLB5JU1R MINGW64 /d/gitfirst (master)
$ git commit -a
On branch master
nothing to commit, working tree clean

madhu@LAPTOP-CLB5JU1R MINGW64 /d/gitfirst (master)
$ git status
On branch master
nothing to commit, working tree clean

madhu@LAPTOP-CLB5JU1R MINGW64 /d/gitfirst (master)
$ git remote add origin https://github.com/madhugithub1/gcppub.git

madhu@LAPTOP-CLB5JU1R MINGW64 /d/gitfirst (master)
$ git push origin master
Enumerating objects: 3, done.
Counting objects: 100% (3/3), done.
Writing objects: 100% (3/3), 225 bytes | 225.00 KiB/s, done.
Total 3 (delta 0), reused 0 (delta 0), pack-reused 0
To https://github.com/madhugithub1/gcppub.git
 * [new branch]      master -> master

madhu@LAPTOP-CLB5JU1R MINGW64 /d/gitfirst (master)
$ git pull https://github.com/madhugithub1/gcppub.git
remote: Enumerating objects: 5, done.
remote: Counting objects: 100% (5/5), done.
remote: Total 3 (delta 0), reused 0 (delta 0), pack-reused 0
Unpacking objects: 100% (3/3), 679 bytes | 2.00 KiB/s, done.
From https://github.com/madhugithub1/gcppub
 * branch            HEAD       -> FETCH_HEAD
Updating 8e8aa34..27092b6
Fast-forward
 readmefile.txt | 1 +
 1 file changed, 1 insertion(+)

madhu@LAPTOP-CLB5JU1R MINGW64 /d/gitfirst (master)
$ git show
commit 27092b65d950ae661c6f7d7f131c3cb70bc23e57 (HEAD -> master)
Author: madhugithub1 <31929326+madhugithub1@users.noreply.github.com>
Date:   Sun Feb 6 21:24:51 2022 +0530

    Update readmefile.txt

    v1

diff --git a/readmefile.txt b/readmefile.txt
index e69de29..54d4a31 100644
--- a/readmefile.txt
+++ b/readmefile.txt
@@ -0,0 +1 @@
+Nothing is done here, its only for my testing^M

madhu@LAPTOP-CLB5JU1R MINGW64 /d/gitfirst (master)
$ git branch -d hotfix
error: branch 'hotfix' not found.

madhu@LAPTOP-CLB5JU1R MINGW64 /d/gitfirst (master)
$ git branch hotfix

madhu@LAPTOP-CLB5JU1R MINGW64 /d/gitfirst (master)
$ git branch -d hotfix
Deleted branch hotfix (was 27092b6).

madhu@LAPTOP-CLB5JU1R MINGW64 /d/gitfirst (master)
$ git branch -d hotfix
error: branch 'hotfix' not found.

madhu@LAPTOP-CLB5JU1R MINGW64 /d/gitfirst (master)
$ git branch hotfix

madhu@LAPTOP-CLB5JU1R MINGW64 /d/gitfirst (master)
$ git checkout hotfix
Switched to branch 'hotfix'

madhu@LAPTOP-CLB5JU1R MINGW64 /d/gitfirst (hotfix)
$ touch abc.txt

madhu@LAPTOP-CLB5JU1R MINGW64 /d/gitfirst (hotfix)
$ ls
abc.txt  readmefile.txt

madhu@LAPTOP-CLB5JU1R MINGW64 /d/gitfirst (hotfix)
$ git add .

madhu@LAPTOP-CLB5JU1R MINGW64 /d/gitfirst (hotfix)
$ git commit -m "added another file"
[hotfix aea9711] added another file
 1 file changed, 0 insertions(+), 0 deletions(-)
 create mode 100644 abc.txt

madhu@LAPTOP-CLB5JU1R MINGW64 /d/gitfirst (hotfix)
$ git push origin master
Everything up-to-date

madhu@LAPTOP-CLB5JU1R MINGW64 /d/gitfirst (hotfix)
$ git show
commit aea9711677c7eef157bc41000ca046f9f9f69e3f (HEAD -> hotfix)
Author: madhugithub1 <madhusudhan.madireddy@gmail.com>
Date:   Sun Feb 6 21:34:39 2022 +0530

    added another file

diff --git a/abc.txt b/abc.txt
new file mode 100644
index 0000000..e69de29

madhu@LAPTOP-CLB5JU1R MINGW64 /d/gitfirst (hotfix)
$ git remote add origin https://github.com/madhugithub1/gcppub.git
error: remote origin already exists.

madhu@LAPTOP-CLB5JU1R MINGW64 /d/gitfirst (hotfix)
$ git push origin master
Everything up-to-date

madhu@LAPTOP-CLB5JU1R MINGW64 /d/gitfirst (hotfix)
$ git commit -a
On branch hotfix
nothing to commit, working tree clean

madhu@LAPTOP-CLB5JU1R MINGW64 /d/gitfirst (hotfix)
$ git add *

madhu@LAPTOP-CLB5JU1R MINGW64 /d/gitfirst (hotfix)
$ git commit -a
On branch hotfix
nothing to commit, working tree clean

madhu@LAPTOP-CLB5JU1R MINGW64 /d/gitfirst (hotfix)
$ git push origin master
Everything up-to-date

madhu@LAPTOP-CLB5JU1R MINGW64 /d/gitfirst (hotfix)
$ git remote add origin https://github.com/madhugithub1/gcppub.git
error: remote origin already exists.

madhu@LAPTOP-CLB5JU1R MINGW64 /d/gitfirst (hotfix)
$ git push origin master
Everything up-to-date

madhu@LAPTOP-CLB5JU1R MINGW64 /d/gitfirst (hotfix)
$ ls -ltr
total 1
-rw-r--r-- 1 madhu 197609 47 Feb  6 21:25 readmefile.txt
-rw-r--r-- 1 madhu 197609  0 Feb  6 21:34 abc.txt

madhu@LAPTOP-CLB5JU1R MINGW64 /d/gitfirst (hotfix)
$ git status
On branch hotfix
nothing to commit, working tree clean

madhu@LAPTOP-CLB5JU1R MINGW64 /d/gitfirst (hotfix)
$ git config --list
diff.astextplain.textconv=astextplain
filter.lfs.clean=git-lfs clean -- %f
filter.lfs.smudge=git-lfs smudge -- %f
filter.lfs.process=git-lfs filter-process
filter.lfs.required=true
http.sslbackend=openssl
http.sslcainfo=C:/Program Files/Git/mingw64/ssl/certs/ca-bundle.crt
core.autocrlf=true
core.fscache=true
core.symlinks=false
pull.rebase=false
credential.helper=manager-core
credential.https://dev.azure.com.usehttppath=true
init.defaultbranch=master
user.email=madhusudhan.madireddy@gmail.com
user.name=madhugithub1
core.repositoryformatversion=0
core.filemode=false
core.bare=false
core.logallrefupdates=true
core.symlinks=false
core.ignorecase=true
remote.origin.url=https://github.com/madhugithub1/gcppub.git
remote.origin.fetch=+refs/heads/*:refs/remotes/origin/*


madhu@LAPTOP-CLB5JU1R MINGW64 /d/gitfirst (hotfix)
$ git push -all
error: did you mean `--all` (with two dashes)?

madhu@LAPTOP-CLB5JU1R MINGW64 /d/gitfirst (hotfix)
$ git push --all
Enumerating objects: 4, done.
Counting objects: 100% (4/4), done.
Delta compression using up to 4 threads
Compressing objects: 100% (2/2), done.
Writing objects: 100% (3/3), 288 bytes | 288.00 KiB/s, done.
Total 3 (delta 0), reused 0 (delta 0), pack-reused 0
remote:
remote: Create a pull request for 'hotfix' on GitHub by visiting:
remote:      https://github.com/madhugithub1/gcppub/pull/new/hotfix
remote:
To https://github.com/madhugithub1/gcppub.git
 * [new branch]      hotfix -> hotfix

madhu@LAPTOP-CLB5JU1R MINGW64 /d/gitfirst (hotfix)
$ git push hotfix
fatal: 'hotfix' does not appear to be a git repository
fatal: Could not read from remote repository.

Please make sure you have the correct access rights
and the repository exists.

madhu@LAPTOP-CLB5JU1R MINGW64 /d/gitfirst (hotfix)
$ git push origin hotfix
Everything up-to-date

madhu@LAPTOP-CLB5JU1R MINGW64 /d/gitfirst (hotfix)
$ git push origin hotfix
Everything up-to-date

madhu@LAPTOP-CLB5JU1R MINGW64 /d/gitfirst (hotfix)
$ git status
On branch hotfix
Changes not staged for commit:
  (use "git add <file>..." to update what will be committed)
  (use "git restore <file>..." to discard changes in working directory)
        modified:   abc.txt

no changes added to commit (use "git add" and/or "git commit -a")

madhu@LAPTOP-CLB5JU1R MINGW64 /d/gitfirst (hotfix)
$ git add abc.txt

madhu@LAPTOP-CLB5JU1R MINGW64 /d/gitfirst (hotfix)
$ git commit -m "abc file updated"
[hotfix fe51be3] abc file updated
 1 file changed, 1 insertion(+)

madhu@LAPTOP-CLB5JU1R MINGW64 /d/gitfirst (hotfix)
$ git status
On branch hotfix
nothing to commit, working tree clean

madhu@LAPTOP-CLB5JU1R MINGW64 /d/gitfirst (hotfix)
$ git push origin hotfix
Enumerating objects: 5, done.
Counting objects: 100% (5/5), done.
Delta compression using up to 4 threads
Compressing objects: 100% (2/2), done.
Writing objects: 100% (3/3), 304 bytes | 304.00 KiB/s, done.
Total 3 (delta 0), reused 0 (delta 0), pack-reused 0
To https://github.com/madhugithub1/gcppub.git
   aea9711..fe51be3  hotfix -> hotfix

madhu@LAPTOP-CLB5JU1R MINGW64 /d/gitfirst (hotfix)
$
